  ✅ 分享不把全房成员计为必须接收的人
  ✅ 第一人拒绝后文件仍处于分享状态
  ✅ 拒绝独立计数，不算发送失败
  ✅ 另一个接收者仍能选择接收
  ✅ 图片卡片同时汇总成功和拒绝
  ✅ 拒绝不残留整张卡片的红色错误
  ✅ 拒绝行使用中性色而非失败样式
  ✅ 发送侧不显示误导性的总进度条
  ✅ 详情按身份区分两位接收者
  ✅ 实时更新不折叠已展开的详情
  ✅ 详情显示接收者昵称
  ✅ 另一人收到的文件逐字节正确  ({'ok': True, 'size': 524288})
  ✅ 重复拒绝不增加人数或覆盖他人的成功
sender 诊断: [{"file_id": "4d1121843fcf3a71", "name": "reject-before.png", "size": 524288, "direction": "send", "state": "shared", "done": 32, "total": 32, "chunk_size": 16384, "root_hash": "584d34213be146e7c15392fff7b68a5ca2a97d5e3ffd93a0dd4f57a2112cd96d", "error": "", "peers": 2, "peersDone": 1, "peersFailed": 0, "peersRejected": 1, "peersCancelled": 0, "recipients": [{"id": "37a6c29fea6c3aab198aea4a4b66599ebc3a9a5691f44a793031c1f66b205abf", "state": "rejected", "done": 0, "total": 32, "bytes": 0, "error": "用户拒绝", "nickname": "接收者 A"}, {"id": "b6c5a634442440f3cf7c5cae6675449032f00d63baccfa01e5ead590f3c1be3c", "state": "done", "done": 32, "total": 32, "bytes": 524288, "error": "", "nickname": "接收者 B"}], "available": true, "bytes": 524288, "fromProof": false}, {"file_id": "90bcbc2a98f98dd1", "name": "reject-after.bin", "size": 524288, "direction": "send", "state": "shared", "done": 0, "total": 32, "chunk_size": 16384, "root_hash": "584d34213be146e7c15392fff7b68a5ca2a97d5e3ffd93a0dd4f57a2112cd96d", "error": "", "peers": 0, "peersDone": 0, "peersFailed": 0, "peersRejected": 0, "peersCancelled": 0, "recipients": [], "available": true, "bytes": 0, "fromProof": false}]
first 诊断: [{"file_id": "4d1121843fcf3a71", "name": "reject-before.png", "size": 524288, "direction": "recv", "state": "rejected", "done": 0, "total": 32, "chunk_size": 16384, "root_hash": "584d34213be146e7c15392fff7b68a5ca2a97d5e3ffd93a0dd4f57a2112cd96d", "error": "", "bytes": 0, "avail": "live", "fromProof": false}, {"file_id": "90bcbc2a98f98dd1", "name": "reject-after.bin", "size": 524288, "direction": "recv", "state": "invited", "done": 0, "total": 32, "chunk_size": 16384, "root_hash": "584d34213be146e7c15392fff7b68a5ca2a97d5e3ffd93a0dd4f57a2112cd96d", "bytes": 0, "avail": "live", "fromProof": false}]
second 诊断: [{"file_id": "4d1121843fcf3a71", "name": "reject-before.png", "size": 524288, "direction": "recv", "state": "done", "done": 32, "total": 32, "chunk_size": 16384, "root_hash": "584d34213be146e7c15392fff7b68a5ca2a97d5e3ffd93a0dd4f57a2112cd96d", "error": "", "bytes": 507904, "fromProof": false}, {"file_id": "90bcbc2a98f98dd1", "name": "reject-after.bin", "size": 524288, "direction": "recv", "state": "archived", "done": 0, "total": 0, "bytes": 0, "avail": "live", "fromProof": true}]
Traceback (most recent call last):
  File "/Users/patrick/WorkBuddy/iroh聊天室/scripts/e2e/file-recipients.py", line 189, in <module>
    after_id = send(sender, receivers, 'reject-after.bin')
  File "/Users/patrick/WorkBuddy/iroh聊天室/scripts/e2e/file-recipients.py", line 103, in send
    wait_until(page, f'{transfer_expression(meta["file_id"])}?.state === "invited"')
    ~~~~~~~~~~^^^^^^^^^^^^^^^^^^^^^^^^^^^^^^^^^^^^^^^^^^^^^^^^^^^^^^^^^^^^^^^^^^^^^^
  File "/Users/patrick/WorkBuddy/iroh聊天室/scripts/e2e/file-recipients.py", line 43, in wait_until
    raise TimeoutError(f'等待超时：{expression}（最后 {last!r}）')
TimeoutError: 等待超时：window.__transfers().find(transfer => transfer.file_id === "90bcbc2a98f98dd1")?.state === "invited"（最后 False）
