=== 1) A、B 进房 ===
  A、B 已进房
  探针：验证消息能落进常驻节点…
    [ 0.0s] 历史里能看到探针吗: true
  ✅ 消息能落进常驻节点（gossip 链路通）  (30 次轮询后历史里仍看不到探针)
  ✅ B 收到实时邀约  (311be07acf538943)
  ✅ B 完整收完（回归）  (state=done)

=== 2) C 后进房，应当看到文件卡片 ===
  C 看到的卡片: state=archived avail=live name=h.bin
  ✅ C 能看到这个文件（历史里的证明）  (没看到)
  ✅ C 看到的是历史卡片（不是实时邀约）  (True)
  ✅ C 的卡片显示为「可接收」  (avail=live)

=== 2.5) D 进房：只旁观、不接收（用来验证发送方离开后过期）===
  D: state=archived avail=live
  ✅ D 看到历史卡片且为「可接收」  (avail=live)

=== 3) C 点「接收」→ 应拿到邀约并收完 ===
  ✅ 点了之后收到发送方重发的邀约  (5 秒内没收到)
  C 点击后 D: state=archived avail=live
  ✅ C 点接收不会把旁观者 D 的历史卡片劫持成待确认（防广播串扰）  (D.state=archived)
  ✅ D 的卡片仍在追踪可用性（avail 有值）  (D.avail=live)
  ✅ C 完整收完  (state=done)

=== 4) A 主动切到别的房间（可靠的离开广播）===
  [ 1.0s] D.avail=expired
  ✅ A 离开后 D 的卡片变「已过期」  (1.0s)
  ✅ 离开广播是「即时」的（≤ 5s，不是等 25~45s 心跳超时）  (1.0s)
  ✅ 已收完的 B 不受影响（仍是「已完成」）  (B.state=done)

=== 5) A 切回来 → 卡片应自动恢复 ===
  [ 1.0s] D.avail=live
  ✅ A 回来后卡片自动恢复「可接收」（过期是可逆的）  (1.0s)

=== 6) A 刷新页面（文件随之失效）===
  [ 1.0s] D.avail=expired
  ✅ A 刷新后卡片变「已过期」  (1.0s)
  ✅ 发送方刷新后不再看到自己的历史文件卡片（避免点不动）  (0 张)

总计 PASS=17 FAIL=0
