两个标签已进房（房间 rv6443）
  phase=online canSend=True composerEnabled=True emptyState=True
  ✅ 进房后 phase=online  (online)
  ✅ 进房后输入区可用  (True)
  ✅ 全新房间显示空态  (True)
  ✅ B 收到 A 的消息  (['你好-A'])
  ✅ 有消息后空态消失
  ✅ A 收到 B 的回复  (['收到-B'])
  ✅ IME 组字时 Enter 不发送  (['你好-A'])
  ✅ IME 组字后输入框保留  ('nihao')
  ✅ 失败时出现红色失败气泡  (['会失败的消息'])
  ✅ 失败时输入框保留原文  ('会失败的消息')
  ✅ 失败气泡不混进正常消息  (['你好-A'])
  ✅ 重发后失败气泡被撤掉  ([])
  ✅ 重发的消息到达对端  (['你好-A', '会失败的消息'])
  ✅ 重发成功后输入框被清空（防重复发）  ('')
  mine=['你好-A', '会失败的消息', '带附件的文字'] failed=[] input=''
  ✅ 文字已发成功（对端收到）  (['你好-A', '会失败的消息', '带附件的文字'])
  ✅ 附件失败不产生假失败气泡  ([])
  ✅ 附件失败时输入框已清空（文字确实发出去了）  ('')
  ✅ A 无 console 错误  (0 条)
  ✅ B 无 console 错误  (0 条)

总计 PASS=19 FAIL=0
