已进房 rm5470
--- 成员页文本 ---
在线成员（1，含自己）
依据近期心跳估计，异常退出可能延迟约 45 秒更新。
房间里还没有其他人在线
我自己
用
用户4939
1d1704c9
常驻节点
常
常驻节点
4976bbc8 · 提供历史 · 尚未接入
  ✅ 成员页标题是「在线成员」  (在线成员（1，含自己）
依据近期心跳估计，异常退出可能延迟约 45 秒更新。
房)
  ✅ 成员页不含「联系人」
  ✅ 成员页不含「私聊」
  ✅ 成员页没有加好友按钮 (data-add)
  ✅ 成员页没有私聊按钮 (data-dm)
  ✅ 成员页没有联系人行 (row--contact)
--- 设置页文本（前 300）---
用
用户4939
1d1704c9a36e570c…
复制
资料
昵称
房间里别人看到的名字
用户4939
›
发送快捷键
回车直接发送
Enter
Ctrl + Enter
新建 / 加入房间
同名即同房间
›
外观
深色模式
夜间更护眼
消息密度
紧凑模式更省空间
标准
紧凑
通知（仅当前房间）
新消息提示音
有过操作后才会出声
标题显示未读数
标签页标题前加 (N)
连接
连接诊断
中继、延迟、重连
在线
›
我的身份 ID
公开标识，可用于识别你；私钥才需保密
1d1704c9a3…
›
数据
本地配置占用
1.5 KB
房间数
1
导出本地数据
房间列表、会话预览、偏好为 JSON

  ✅ 设置页仍渲染资料卡
  ✅ 设置页仍有开关控件
  ✅ 设置页仍有可点行
  ✅ 设置页不含「联系人」
  ❌ 设置页显示本地占用（usage 还在）  ()
  ✅ 会话列表没有 tag-dm 标签  (0 个)
  ✅ 会话列表不含「私聊」字样
  ✅ 无 console 错误  (0 条)

总计 PASS=13 FAIL=1
