  ✅ 独立存储生成三个不同身份
  ✅ 第三人历史失败后自动重试
  ✅ 第三人加载历史文件卡片
  ✅ 用户 1 收齐三方消息
  ✅ 用户 1 显示三人（排除常驻节点）  (在线成员（3，含自己）)
  ✅ 用户 1 状态页区分人数和邻居  (3 人（含自己）)
  ✅ 用户 2 收齐三方消息
  ✅ 用户 2 显示三人（排除常驻节点）  (在线成员（3，含自己）)
  ✅ 用户 2 状态页区分人数和邻居  (3 人（含自己）)
  ✅ 用户 3 收齐三方消息
  ✅ 用户 3 显示三人（排除常驻节点）  (在线成员（3，含自己）)
  ✅ 用户 3 状态页区分人数和邻居  (3 人（含自己）)
  ✅ 丢失实时广播后自动从历史补齐且不重复
  ✅ 旧房间成员事件不覆盖当前房间
  ✅ 慢历史与实时消息按时间合并并去重  ({'ordered': ['old', 'proof', 'live'], 'fileCards': 1, 'pageCount': 3, 'recovered': 121, 'staleCount': 0, 'olderFile': True})
  ✅ 历史文件插入正确位置
  ✅ 超过一页的断档全部补齐
  ✅ 上拉历史页也恢复文件卡片
  ✅ A→B→A 时丢弃旧历史请求

总计 PASS=19 FAIL=0
