启动 TX…
启动 R1…
启动 R2…
三方就绪
  r1 已接受
  r2 已接受
  两方 file_id 相同: True
  两路已开跑: TX peers=2 done=130 bytes=2.0MB
  关闭前 R1=active:43  R2=active:113

=== 关闭 R1 标签页 ===
  [  5s] TX=active peers=2 done=0 failed=1 bytes=4.0MB | R2=active:162
  [ 10s] TX=active peers=2 done=0 failed=1 bytes=5.0MB | R2=active:228
  [ 15s] TX=active peers=2 done=0 failed=1 bytes=6.0MB | R2=active:248
  [ 20s] TX=active peers=2 done=0 failed=1 bytes=7.0MB | R2=active:349
  [ 25s] TX=active peers=2 done=0 failed=1 bytes=8.0MB | R2=active:430
  [ 30s] TX=active peers=2 done=0 failed=1 bytes=10.0MB | R2=active:538
  [ 35s] TX=active peers=2 done=0 failed=1 bytes=12.0MB | R2=active:687
  [ 40s] TX=active peers=2 done=0 failed=1 bytes=14.0MB | R2=active:779
  [ 45s] TX=active peers=2 done=0 failed=1 bytes=15.0MB | R2=active:871
  [ 50s] TX=active peers=2 done=0 failed=1 bytes=16.0MB | R2=active:938
  [ 55s] TX=active peers=2 done=0 failed=1 bytes=18.0MB | R2=active:1024
  [ 60s] TX=active peers=2 done=0 failed=1 bytes=19.0MB | R2=active:1106
  [ 65s] TX=active peers=2 done=0 failed=1 bytes=21.0MB | R2=active:1221
  [ 70s] TX=active peers=2 done=0 failed=1 bytes=22.0MB | R2=active:1297
  [ 75s] TX=active peers=2 done=0 failed=1 bytes=23.0MB | R2=active:1358
  [ 80s] TX=active peers=2 done=0 failed=1 bytes=24.0MB | R2=active:1439
  [ 85s] TX=active peers=2 done=0 failed=1 bytes=25.0MB | R2=active:1523
  [ 90s] TX=active peers=2 done=0 failed=1 bytes=26.0MB | R2=active:1575
  [ 95s] TX=active peers=2 done=0 failed=1 bytes=28.0MB | R2=active:1663
  [100s] TX=active peers=2 done=0 failed=1 bytes=29.0MB | R2=active:1740
  [105s] TX=active peers=2 done=0 failed=1 bytes=30.0MB | R2=active:1808
  [110s] TX=active peers=2 done=0 failed=1 bytes=31.0MB | R2=active:1891
  [115s] TX=active peers=2 done=0 failed=1 bytes=32.0MB | R2=active:1967
  [120s] TX=active peers=2 done=0 failed=1 bytes=33.0MB | R2=active:2030

=== 最终 ===
  TX: active peers=2 peersDone=0 peersFailed=0 peersCancelled=1 err=
  R2: active 2030/3072 err=

  ✅ 发送端看到 2 条独立通道  (peers=2)
  ✅ R1 断开被检测到（取消或失败）  (耗时 5s)
  ✅ 检测延迟 ≤ 40s（主动取消快路径，或传输层 30s 超时兜底）  (5s)
  ✅ R2 继续推进未受影响  (R2 done=2030)

总计 PASS=4 FAIL=0
