  ✅ 分享不把全房成员计为必须接收的人
  ✅ 第一人拒绝后文件仍处于分享状态
  ✅ 拒绝独立计数，不算发送失败
  ✅ 另一个接收者仍能选择接收
  ✅ 图片卡片同时汇总成功和拒绝
  ✅ 拒绝不残留整张卡片的红色错误
  ✅ 拒绝行使用中性色而非失败样式
  ✅ 发送侧不显示误导性的总进度条
  ✅ 详情按身份区分两位接收者
  ✅ 实时更新不折叠已展开的详情
  ✅ 详情显示接收者昵称
  ✅ 另一人收到的文件逐字节正确  ({'ok': True, 'size': 524288})
  ✅ 重复拒绝不增加人数或覆盖他人的成功
  ✅ 先成功后拒绝也保留两人的独立结果
  ✅ 普通文件卡片也显示混合结果
  ✅ 全部拒绝也不是技术失败，文件仍可分享
  ✅ 技术失败只落在对应接收者详情
  ✅ 一人技术失败不妨碍另一人接收
  ✅ 重新邀请不清掉已成功接收的记录
  ✅ 失败者续传成功且旧失败状态清除
  ✅ 接收侧续传完成后也清除旧错误
  ✅ 接收详情展示个人进度
  ✅ 取消与失败分开统计且不影响他人
  ✅ 切房重建只保留一张卡片和独立结果
  ✅ 重建后依然没有旧拒绝错误或总进度
  ✅ 其他房间的汇总不能覆盖接收详情

总计 PASS=26 FAIL=0
