启动 TX…
启动 R1…
启动 R2…
三方就绪
  r1 已接受
  r2 已接受
  两方 file_id 相同: True
  两路已开跑: TX peers=2 done=130 bytes=2.0MB
  关闭前 R1=active:136  R2=active:119

=== 关闭 R1 标签页 ===
  [  5s] TX=active peers=2 done=0 failed=0 bytes=7.0MB | R2=active:220
  [ 10s] TX=active peers=2 done=0 failed=0 bytes=9.0MB | R2=active:357
  [ 15s] TX=active peers=2 done=0 failed=0 bytes=11.0MB | R2=active:457
  [ 20s] TX=active peers=2 done=0 failed=0 bytes=13.0MB | R2=active:608
  [ 25s] TX=active peers=2 done=0 failed=0 bytes=15.0MB | R2=active:751
  [ 30s] TX=active peers=2 done=0 failed=1 bytes=17.0MB | R2=active:861
  [ 35s] TX=active peers=2 done=0 failed=1 bytes=19.0MB | R2=active:1000
  [ 40s] TX=active peers=2 done=0 failed=1 bytes=21.0MB | R2=active:1141
  [ 45s] TX=active peers=2 done=0 failed=1 bytes=24.0MB | R2=active:1294
  [ 50s] TX=active peers=2 done=0 failed=1 bytes=26.0MB | R2=active:1417
  [ 55s] TX=active peers=2 done=0 failed=1 bytes=27.0MB | R2=active:1512
  [ 60s] TX=active peers=2 done=0 failed=1 bytes=29.0MB | R2=active:1618
  [ 65s] TX=active peers=2 done=0 failed=1 bytes=31.0MB | R2=active:1736
  [ 70s] TX=active peers=2 done=0 failed=1 bytes=32.0MB | R2=active:1828
  [ 75s] TX=active peers=2 done=0 failed=1 bytes=34.0MB | R2=active:1929
  [ 80s] TX=active peers=2 done=0 failed=1 bytes=35.0MB | R2=active:2045
  [ 85s] TX=active peers=2 done=0 failed=1 bytes=38.0MB | R2=active:2174
  [ 90s] TX=active peers=2 done=0 failed=1 bytes=40.0MB | R2=active:2325
  [ 95s] TX=active peers=2 done=0 failed=1 bytes=42.0MB | R2=active:2452
  [100s] TX=active peers=2 done=0 failed=1 bytes=44.0MB | R2=active:2588
  [105s] TX=active peers=2 done=0 failed=1 bytes=46.0MB | R2=active:2738
  [110s] TX=active peers=2 done=0 failed=1 bytes=49.0MB | R2=active:2901
  [115s] TX=active peers=2 done=0 failed=1 bytes=51.0MB | R2=active:3037
  [120s] TX=shared peers=2 done=1 failed=1 bytes=51.0MB | R2=done:3072

=== 最终 ===
  TX: shared peers=2 peersDone=1 peersFailed=1 peersCancelled=0 err=
  R2: done 3072/3072 err=

  ✅ 发送端看到 2 条独立通道  (peers=2)
  ✅ R1 断开被检测到（取消或失败）  (耗时 30s)
  ✅ 检测延迟 ≤ 40s（主动取消快路径，或传输层 30s 超时兜底）  (30s)
  ✅ R2 继续推进未受影响  (R2 done=3072)

总计 PASS=4 FAIL=0
